Flutter crash report.
Please report a bug at https://github.com/flutter/flutter/issues.

## command

flutter assemble --no-version-check --output=/Users/km/Projects/matrix.worktrees/matrix-rust-dart-sdk/app/build/ios/Debug-iphonesimulator/ -dTargetPlatform=ios -dTargetFile=/Users/km/Projects/matrix.worktrees/matrix-rust-dart-sdk/app/lib/main.dart -dBuildMode=debug -dConfiguration=Debug -dIosArchs=arm64 -dSdkRoot=/Applications/Xcode.app/Contents/Developer/Platforms/iPhoneSimulator.platform/Developer/SDKs/iPhoneSimulator26.0.sdk -dSplitDebugInfo= -dTreeShakeIcons=false -dTrackWidgetCreation=true -dDartObfuscation=false -dAction=build -dFrontendServerStarterPath= --ExtraGenSnapshotOptions= --DartDefines=UFJPWFk9ZmFsc2U=,RkxVVFRFUl9WRVJTSU9OPTMuNDEuNA==,RkxVVFRFUl9DSEFOTkVMPXN0YWJsZQ==,RkxVVFRFUl9HSVRfVVJMPWh0dHBzOi8vZ2l0aHViLmNvbS9mbHV0dGVyL2ZsdXR0ZXIuZ2l0,RkxVVFRFUl9GUkFNRVdPUktfUkVWSVNJT049ZmYzN2JlZjYwMw==,RkxVVFRFUl9FTkdJTkVfUkVWSVNJT049ZTRiOGRjYTNmMQ==,RkxVVFRFUl9EQVJUX1ZFUlNJT049My4xMS4x --ExtraFrontEndOptions= -dSrcRoot=/Users/km/Projects/matrix.worktrees/matrix-rust-dart-sdk/app/ios -dTargetDeviceOSVersion=26.0.1 -dCodesignIdentity=- debug_ios_bundle_flutter_assets

## exception

PathNotFoundException: PathNotFoundException: Cannot open file, path = '/Users/km/Projects/matrix.worktrees/matrix-rust-dart-sdk/app/.dart_tool/hooks_runner/matrix_sdk/84fd4fa0ea/stderr.txt' (OS Error: No such file or directory, errno = 2)

```
#0      _checkForErrorResponse (dart:io/common.dart:58:9)
#1      _File.open.<anonymous closure> (dart:io/file_impl.dart:438:7)
#2      _rootRunUnary (dart:async/zone_root.dart:48:47)
#3      _CustomZone.runUnary (dart:async/zone.dart:733:19)
<asynchronous suspension>
#4      _File.writeAsBytes.<anonymous closure> (dart:io/file_impl.dart:728:34)
<asynchronous suspension>
#5      ForwardingFile.writeAsString (package:file/src/forwarding/forwarding_file.dart:136:12)
<asynchronous suspension>
#6      ErrorHandlingFile.writeAsString.<anonymous closure> (package:flutter_tools/src/base/error_handling_io.dart:238:9)
<asynchronous suspension>
#7      _run (package:flutter_tools/src/base/error_handling_io.dart:514:12)
<asynchronous suspension>
#8      NativeAssetsBuildRunner._createFileStreamingLogger.<anonymous closure> (package:hooks_runner/src/build_runner/build_runner.dart:692:11)
<asynchronous suspension>
```

## flutter doctor

```
[✓] Flutter (Channel stable, 3.41.4, on macOS 26.1 25B78 darwin-arm64, locale en-AE) [4.4s]
    • Flutter version 3.41.4 on channel stable at /Users/km/fvm/versions/3.41.4
    • Upstream repository https://github.com/flutter/flutter.git
    • Framework revision ff37bef603 (3 weeks ago), 2026-03-03 16:03:22 -0800
    • Engine revision e4b8dca3f1
    • Dart version 3.11.1
    • DevTools version 2.54.1
    • Feature flags: enable-web, enable-linux-desktop, enable-macos-desktop, enable-windows-desktop, enable-android, enable-ios, cli-animations, enable-native-assets, omit-legacy-version-file, enable-lldb-debugging, enable-uiscene-migration

[✓] Android toolchain - develop for Android devices (Android SDK version 36.0.0) [3.9s]
    • Android SDK at /Users/km/Library/Android/sdk
    • Emulator version 35.4.9.0 (build_id 13025442) (CL:N/A)
    • Platform android-36, build-tools 36.0.0
    • ANDROID_HOME = /Users/km/Library/Android/sdk
    • ANDROID_SDK_ROOT = /Users/km/Library/Android/sdk
    • Java binary at: /Applications/Android Studio.app/Contents/jbr/Contents/Home/bin/java
      This is the JDK bundled with the latest Android Studio installation on this machine.
      To manually set the JDK path, use: `flutter config --jdk-dir="path/to/jdk"`.
    • Java version OpenJDK Runtime Environment (build 21.0.9+-14787801-b1163.94)
    • All Android licenses accepted.

[✓] Xcode - develop for iOS and macOS (Xcode 26.0) [2.2s]
    • Xcode at /Applications/Xcode.app/Contents/Developer
    • Build 17A324
    • CocoaPods version 1.16.2

[✓] Chrome - develop for the web [7ms]
    • Chrome at /Applications/Google Chrome.app/Contents/MacOS/Google Chrome

[✓] Connected device (5 available) [7.5s]
    • Pragatika’s iPhone (wireless) (mobile) • 00008110-0019352421DB801E            • ios            • iOS 26.1 23B85
    • iPhone 17 Pro Max (mobile)             • 4168A42A-0DF9-42D6-B216-499A4CCD094A • ios            • com.apple.CoreSimulator.SimRuntime.iOS-26-0 (simulator)
    • iPhone 16e (mobile)                    • 440FBA73-1A43-433C-9121-10B55F003186 • ios            • com.apple.CoreSimulator.SimRuntime.iOS-26-0 (simulator)
    • macOS (desktop)                        • macos                                • darwin-arm64   • macOS 26.1 25B78 darwin-arm64
    • Chrome (web)                           • chrome                               • web-javascript • Google Chrome 146.0.7680.80
    ! Error: Browsing on the local area network for Sheeptaxi’s iPhone 12. Ensure the device is unlocked and attached with a cable or associated with the same local area network as this Mac.
      The device must be opted into Developer Mode to connect wirelessly. (code -27)
    ! Error: Browsing on the local area network for Kushal’s iPhone 15 Pro. Ensure the device is unlocked and attached with a cable or associated with the same local area network as this Mac.
      The device must be opted into Developer Mode to connect wirelessly. (code -27)
    ! Error: Browsing on the local area network for iPhone. Ensure the device is unlocked and attached with a cable or associated with the same local area network as this Mac.
      The device must be opted into Developer Mode to connect wirelessly. (code -27)

[✓] Network resources [1,188ms]
    • All expected network resources are available.

• No issues found!
```
